// ***************** Some *****************
viewapp.io
ip.wtf
wtfismyip.com
vmvgpt.cloud
zed.dev
logitech.com
logitech.demdex.net
logitecheurope.us-6.evergage.com
logi.com
biomejs.dev
podkop.net

// ***************** TorrServer *****************
cdn.lordicon.com
imagetmdb.com

// ***************** Codeium *****************
codeium.com
cdn.logr - ingest.com
www.googletagmanager.com
js.hs - scripts.com
snap.licdn.com
analytics.tiktok.com
vitals.vercel - insights.com
sibautomation.com

// ***************** Gemini *****************
deepmind.com
deepmind.google
geller - pa.googleapis.com
generativelanguage.googleapis.com
proactivebackend - pa.googleapis.com
ai.google.dev
alkalicore - pa.clients6.google.com
alkalimakersuite - pa.clients6.google.com
generativeai.google
makersuite.google.com
aistudio.google.com
bard.google.com
gemini.google.com

// ***************** windsurf *****************
exafunction.github.io
ingest.us.sentry.io
logr - ingest.com
windsurf.com

// ***************** XBOX *****************
flightsimulator.azureedge.net
prodforza.blob.core.windows.net
gamepass.com
orithegame.com
renovacionxboxlive.com
tellmewhygame.com
xbox.co
xbox.com
xbox.eu
xbox.org
xbox360.co
xbox360.com
xbox360.eu
xbox360.org
xboxab.com
xboxgamepass.com
xboxgamestudios.com
xboxlive.com
xboxone.co
xboxone.com
xboxone.eu
xboxplayanywhere.com
xboxservices.com
xboxstudios.com
xbx.lv
asobostudio.com
flightsimulator.com
beth.games
bethesda.net
bethesdagamestudios.com
bethsoft.com
doom.com
elderscrolls.com
forza.net
forzamotorsport.net
forzaracingchampionship.com
forzarc.com
callersbane.com
minecraft - services.net
minecraft.net
minecraftservices.com
minecraftshop.com
mojang.com
xboxlive.cn
account.live.com
account.microsoft.com
accounts.xboxlive.com
cp.microsoft.com
device.auth.xboxlive.com
digicert.com
dlassets - ssl.xboxlive.com
gamepass.com
gfx.ms
images - eds - ssl.xboxlive.com
login.live.com
mgt.xboxlive.com
microsoftonline.com
mp.microsoft.com
msftauth.net
msn.com
packages.xboxlive.com
pmservices.cp.microsoft.com
rta.xboxlive.com
title.auth.xboxlive.com
titlestorage.xboxlive.com
user.auth.xboxlive.com
xbl - smooth.xboxlive.com
xbox.com
xboxab.com
teal.xboxservices.com
silver.xboxservices.com
xsts.auth.xboxlive.com
microsoft.com
